
> khushi-hygieia@1.0.0 build
> vite build

[36mvite v6.4.1 [32mbuilding for production...[36m[39m
transforming...
[32mΓ£ô[39m 1801 modules transformed.
rendering chunks...
computing gzip size...
[2mdist/[22m[32mindex.html                 [39m[1m[2m  0.77 kB[22m[1m[22m[2m Γöé gzip:   0.46 kB[22m
[2mdist/[22m[35massets/index-B0bo0hLl.css  [39m[1m[2m 22.37 kB[22m[1m[22m[2m Γöé gzip:   4.96 kB[22m
[2mdist/[22m[36massets/index-BKMisN9l.js   [39m[1m[2m449.84 kB[22m[1m[22m[2m Γöé gzip: 124.69 kB[22m
[32mΓ£ô built in 3.86s[39m
